#-----------------------------------------------------------
# Vivado v2019.1 (64-bit)
# SW Build 2552052 on Fri May 24 14:49:42 MDT 2019
# IP Build 2548770 on Fri May 24 18:01:18 MDT 2019
# Start of session at: Tue Jan 10 21:44:32 2023
# Process ID: 5648
# Current directory: C:/Users/miche/Downloads/ROB307_Drone utilisation agriculture-20210129T200811Z-001/ROB307_Drone utilisation agriculture/NOC_Hanine/NOC3_3/crossbar+zynq/crossbarZynq/axiCrossBar
# Command line: vivado.exe -gui_launcher_event rodinguilauncherevent19660 C:\Users\miche\Downloads\ROB307_Drone utilisation agriculture-20210129T200811Z-001\ROB307_Drone utilisation agriculture\NOC_Hanine\NOC3_3\crossbar+zynq\crossbarZynq\axiCrossBar\axiCrossBar.xpr
# Log file: C:/Users/miche/Downloads/ROB307_Drone utilisation agriculture-20210129T200811Z-001/ROB307_Drone utilisation agriculture/NOC_Hanine/NOC3_3/crossbar+zynq/crossbarZynq/axiCrossBar/vivado.log
# Journal file: C:/Users/miche/Downloads/ROB307_Drone utilisation agriculture-20210129T200811Z-001/ROB307_Drone utilisation agriculture/NOC_Hanine/NOC3_3/crossbar+zynq/crossbarZynq/axiCrossBar\vivado.jou
#-----------------------------------------------------------
start_gui
open_project {C:/Users/miche/Downloads/ROB307_Drone utilisation agriculture-20210129T200811Z-001/ROB307_Drone utilisation agriculture/NOC_Hanine/NOC3_3/crossbar+zynq/crossbarZynq/axiCrossBar/axiCrossBar.xpr}
update_compile_order -fileset sources_1
open_bd_design {C:/Users/miche/Downloads/ROB307_Drone utilisation agriculture-20210129T200811Z-001/ROB307_Drone utilisation agriculture/NOC_Hanine/NOC3_3/crossbar+zynq/crossbarZynq/axiCrossBar/axiCrossBar.srcs/sources_1/bd/design_1/design_1.bd}
open_bd_design {C:/Users/miche/Downloads/ROB307_Drone utilisation agriculture-20210129T200811Z-001/ROB307_Drone utilisation agriculture/NOC_Hanine/NOC3_3/crossbar+zynq/crossbarZynq/axiCrossBar/axiCrossBar.srcs/sources_1/bd/design_1/design_1.bd}
